\BOOKMARK [0][-]{chapter.1}{\376\377\000I\000n\000t\000r\000o\000d\000u\000c\000t\000i\000o\000n\000\040\000a\000n\000d\000\040\000S\000c\000e\000n\000a\000r\000i\000o}{}% 1
\BOOKMARK [1][-]{section.1.1}{\376\377\000S\000c\000e\000n\000a\000r\000i\000o\000\040\000C\000h\000o\000i\000c\000e}{chapter.1}% 2
\BOOKMARK [1][-]{section.1.2}{\376\377\000B\000u\000s\000i\000n\000e\000s\000s\000\040\000C\000o\000n\000t\000e\000x\000t\000\040\000a\000n\000d\000\040\000D\000r\000i\000v\000e\000r\000s}{chapter.1}% 3
\BOOKMARK [1][-]{section.1.3}{\376\377\000S\000u\000r\000r\000o\000u\000n\000d\000i\000n\000g\000\040\000S\000y\000s\000t\000e\000m\000s\000\040\000i\000n\000\040\000S\000c\000o\000p\000e}{chapter.1}% 4
\BOOKMARK [1][-]{section.1.4}{\376\377\000C\000o\000r\000e\000\040\000A\000r\000c\000h\000i\000t\000e\000c\000t\000u\000r\000a\000l\000\040\000P\000r\000o\000b\000l\000e\000m}{chapter.1}% 5
\BOOKMARK [0][-]{chapter.2}{\376\377\000C\000u\000r\000r\000e\000n\000t\000-\000S\000t\000a\000t\000e\000\040\000A\000n\000a\000l\000y\000s\000i\000s}{}% 6
\BOOKMARK [1][-]{section.2.1}{\376\377\000A\000r\000c\000h\000i\000t\000e\000c\000t\000u\000r\000e\000\040\000O\000v\000e\000r\000v\000i\000e\000w}{chapter.2}% 7
\BOOKMARK [1][-]{section.2.2}{\376\377\000H\000o\000w\000\040\000a\000\040\000P\000u\000r\000c\000h\000a\000s\000e\000\040\000W\000o\000r\000k\000s\000\040\000T\000o\000d\000a\000y}{chapter.2}% 8
\BOOKMARK [1][-]{section.2.3}{\376\377\000S\000c\000e\000n\000a\000r\000i\000o\000\040\000C\000\040\000R\000e\000a\000d\000i\000n\000e\000s\000s\000\040\000A\000s\000s\000e\000s\000s\000m\000e\000n\000t}{chapter.2}% 9
\BOOKMARK [0][-]{chapter.3}{\376\377\000D\000o\000m\000a\000i\000n\000\040\000a\000n\000d\000\040\000B\000o\000u\000n\000d\000e\000d\000\040\000C\000o\000n\000t\000e\000x\000t\000s}{}% 10
\BOOKMARK [1][-]{section.3.1}{\376\377\000D\000o\000m\000a\000i\000n\000\040\000O\000v\000e\000r\000v\000i\000e\000w}{chapter.3}% 11
\BOOKMARK [1][-]{section.3.2}{\376\377\000R\000e\000l\000e\000v\000a\000n\000t\000\040\000S\000u\000b\000d\000o\000m\000a\000i\000n\000s}{chapter.3}% 12
\BOOKMARK [1][-]{section.3.3}{\376\377\000B\000o\000u\000n\000d\000e\000d\000\040\000C\000o\000n\000t\000e\000x\000t\000s}{chapter.3}% 13
\BOOKMARK [2][-]{subsection.3.3.1}{\376\377\000n\000o\000p\000C\000o\000m\000m\000e\000r\000c\000e\000\040\000C\000o\000m\000m\000e\000r\000c\000e\000\040\000C\000o\000r\000e\000\040\000C\000o\000n\000t\000e\000x\000t}{section.3.3}% 14
\BOOKMARK [2][-]{subsection.3.3.2}{\376\377\000I\000n\000t\000e\000g\000r\000a\000t\000i\000o\000n\000\040\000C\000o\000o\000r\000d\000i\000n\000a\000t\000i\000o\000n\000\040\000C\000o\000n\000t\000e\000x\000t}{section.3.3}% 15
\BOOKMARK [2][-]{subsection.3.3.3}{\376\377\000W\000a\000r\000e\000h\000o\000u\000s\000e\000\040\000F\000u\000l\000f\000i\000l\000l\000m\000e\000n\000t\000\040\000C\000o\000n\000t\000e\000x\000t}{section.3.3}% 16
\BOOKMARK [2][-]{subsection.3.3.4}{\376\377\000I\000n\000v\000e\000n\000t\000o\000r\000y\000\040\000A\000v\000a\000i\000l\000a\000b\000i\000l\000i\000t\000y\000\040\000C\000o\000n\000t\000e\000x\000t}{section.3.3}% 17
\BOOKMARK [2][-]{subsection.3.3.5}{\376\377\000S\000h\000i\000p\000p\000i\000n\000g\000\040\000C\000o\000n\000t\000e\000x\000t}{section.3.3}% 18
\BOOKMARK [2][-]{subsection.3.3.6}{\376\377\000S\000t\000o\000r\000e\000\040\000O\000p\000e\000r\000a\000t\000i\000o\000n\000s\000\040\000/\000\040\000P\000O\000S\000\040\000C\000o\000n\000t\000e\000x\000t}{section.3.3}% 19
\BOOKMARK [2][-]{subsection.3.3.7}{\376\377\000S\000u\000p\000p\000o\000r\000t\000\040\000a\000n\000d\000\040\000O\000p\000e\000r\000a\000t\000i\000o\000n\000s\000\040\000C\000o\000n\000t\000e\000x\000t}{section.3.3}% 20
\BOOKMARK [1][-]{section.3.4}{\376\377\000B\000o\000u\000n\000d\000a\000r\000y\000\040\000M\000o\000d\000e\000l}{chapter.3}% 21
\BOOKMARK [1][-]{section.3.5}{\376\377\000B\000o\000u\000n\000d\000a\000r\000y\000\040\000R\000u\000l\000e\000s}{chapter.3}% 22
\BOOKMARK [1][-]{section.3.6}{\376\377\000A\000r\000c\000h\000i\000t\000e\000c\000t\000u\000r\000e\000\040\000D\000i\000a\000g\000r\000a\000m}{chapter.3}% 23
\BOOKMARK [0][-]{chapter.4}{\376\377\000Q\000u\000a\000l\000i\000t\000y\000\040\000A\000t\000t\000r\000i\000b\000u\000t\000e\000\040\000S\000c\000e\000n\000a\000r\000i\000o\000s}{}% 24
\BOOKMARK [1][-]{section.4.1}{\376\377\000A\000r\000c\000h\000i\000t\000e\000c\000t\000u\000r\000a\000l\000\040\000D\000r\000i\000v\000e\000r\000s}{chapter.4}% 25
\BOOKMARK [1][-]{section.4.2}{\376\377\000S\000c\000e\000n\000a\000r\000i\000o\000\040\0001\000\040\000-\000\040\000A\000v\000a\000i\000l\000a\000b\000i\000l\000i\000t\000y\000\040\000u\000n\000d\000e\000r\000\040\000W\000a\000r\000e\000h\000o\000u\000s\000e\000\040\000F\000a\000i\000l\000u\000r\000e}{chapter.4}% 26
\BOOKMARK [1][-]{section.4.3}{\376\377\000S\000c\000e\000n\000a\000r\000i\000o\000\040\0002\000\040\000-\000\040\000C\000o\000n\000s\000i\000s\000t\000e\000n\000c\000y\000\040\000u\000n\000d\000e\000r\000\040\000S\000t\000a\000l\000e\000\040\000I\000n\000v\000e\000n\000t\000o\000r\000y}{chapter.4}% 27
\BOOKMARK [1][-]{section.4.4}{\376\377\000S\000c\000e\000n\000a\000r\000i\000o\000\040\0003\000\040\000-\000\040\000P\000e\000r\000f\000o\000r\000m\000a\000n\000c\000e\000\040\000d\000u\000r\000i\000n\000g\000\040\000O\000m\000n\000i\000c\000h\000a\000n\000n\000e\000l\000\040\000O\000r\000d\000e\000r\000\040\000B\000u\000r\000s\000t\000s}{chapter.4}% 28
\BOOKMARK [1][-]{section.4.5}{\376\377\000S\000c\000e\000n\000a\000r\000i\000o\000\040\0004\000\040\000-\000\040\000R\000e\000c\000o\000v\000e\000r\000a\000b\000i\000l\000i\000t\000y\000\040\000a\000f\000t\000e\000r\000\040\000S\000h\000i\000p\000p\000i\000n\000g\000\040\000O\000u\000t\000a\000g\000e}{chapter.4}% 29
\BOOKMARK [1][-]{section.4.6}{\376\377\000S\000c\000e\000n\000a\000r\000i\000o\000\040\0005\000\040\000-\000\040\000M\000o\000d\000i\000f\000i\000a\000b\000i\000l\000i\000t\000y\000\040\000f\000o\000r\000\040\000N\000e\000w\000\040\000O\000p\000e\000r\000a\000t\000i\000o\000n\000a\000l\000\040\000C\000h\000a\000n\000n\000e\000l\000s}{chapter.4}% 30
\BOOKMARK [1][-]{section.4.7}{\376\377\000S\000c\000e\000n\000a\000r\000i\000o\000\040\0006\000\040\040\024\000\040\000I\000n\000v\000e\000n\000t\000o\000r\000y\000\040\000R\000e\000c\000o\000n\000c\000i\000l\000i\000a\000t\000i\000o\000n\000\040\000a\000f\000t\000e\000r\000\040\000C\000r\000o\000s\000s\000-\000C\000h\000a\000n\000n\000e\000l\000\040\000C\000o\000n\000f\000l\000i\000c\000t}{chapter.4}% 31
\BOOKMARK [1][-]{section.4.8}{\376\377\000T\000r\000a\000c\000e\000a\000b\000i\000l\000i\000t\000y\000\040\000t\000o\000\040\000A\000r\000c\000h\000i\000t\000e\000c\000t\000u\000r\000a\000l\000\040\000D\000r\000i\000v\000e\000r\000s\000\040\000a\000n\000d\000\040\000D\000e\000c\000i\000s\000i\000o\000n\000s}{chapter.4}% 32
\BOOKMARK [0][-]{chapter.5}{\376\377\000A\000r\000c\000h\000i\000t\000e\000c\000t\000u\000r\000a\000l\000\040\000A\000p\000p\000r\000o\000a\000c\000h}{}% 33
\BOOKMARK [1][-]{section.5.1}{\376\377\000C\000h\000o\000s\000e\000n\000\040\000F\000r\000a\000m\000e\000w\000o\000r\000k}{chapter.5}% 34
\BOOKMARK [1][-]{section.5.2}{\376\377\000J\000u\000s\000t\000i\000f\000i\000c\000a\000t\000i\000o\000n}{chapter.5}% 35
\BOOKMARK [1][-]{section.5.3}{\376\377\000W\000h\000y\000\040\000N\000o\000t\000\040\000A\000C\000D\000M\000\040\000o\000r\000\040\000A\000D\000M\000\040\000a\000s\000\040\000t\000h\000e\000\040\000M\000a\000i\000n\000\040\000F\000r\000a\000m\000e\000w\000o\000r\000k}{chapter.5}% 36
\BOOKMARK [1][-]{section.5.4}{\376\377\000T\000a\000c\000t\000i\000c\000s\000\040\000S\000e\000l\000e\000c\000t\000e\000d\000\040\000p\000e\000r\000\040\000Q\000u\000a\000l\000i\000t\000y\000\040\000A\000t\000t\000r\000i\000b\000u\000t\000e}{chapter.5}% 37
\BOOKMARK [1][-]{section.5.5}{\376\377\000H\000o\000w\000\040\000A\000D\000D\000\040\000S\000h\000a\000p\000e\000s\000\040\000t\000h\000e\000\040\000T\000a\000r\000g\000e\000t\000\040\000A\000r\000c\000h\000i\000t\000e\000c\000t\000u\000r\000e}{chapter.5}% 38
\BOOKMARK [0][-]{chapter.6}{\376\377\000T\000a\000r\000g\000e\000t\000\040\000A\000r\000c\000h\000i\000t\000e\000c\000t\000u\000r\000e}{}% 39
\BOOKMARK [1][-]{section.6.1}{\376\377\000O\000v\000e\000r\000v\000i\000e\000w}{chapter.6}% 40
\BOOKMARK [1][-]{section.6.2}{\376\377\000M\000a\000i\000n\000\040\000C\000o\000m\000p\000o\000n\000e\000n\000t\000s\000\040\000a\000n\000d\000\040\000S\000e\000r\000v\000i\000c\000e\000s}{chapter.6}% 41
\BOOKMARK [1][-]{section.6.3}{\376\377\000S\000y\000n\000c\000h\000r\000o\000n\000o\000u\000s\000\040\000a\000n\000d\000\040\000A\000s\000y\000n\000c\000h\000r\000o\000n\000o\000u\000s\000\040\000I\000n\000t\000e\000r\000a\000c\000t\000i\000o\000n\000s}{chapter.6}% 42
\BOOKMARK [1][-]{section.6.4}{\376\377\000D\000a\000t\000a\000\040\000O\000w\000n\000e\000r\000s\000h\000i\000p}{chapter.6}% 43
\BOOKMARK [1][-]{section.6.5}{\376\377\000C\000r\000o\000s\000s\000-\000C\000u\000t\000t\000i\000n\000g\000\040\000C\000o\000n\000c\000e\000r\000n\000s}{chapter.6}% 44
\BOOKMARK [1][-]{section.6.6}{\376\377\000I\000n\000t\000e\000g\000r\000a\000t\000i\000o\000n\000\040\000L\000a\000y\000e\000r\000\040\000D\000e\000p\000l\000o\000y\000m\000e\000n\000t\000\040\000M\000o\000d\000e\000l}{chapter.6}% 45
\BOOKMARK [1][-]{section.6.7}{\376\377\000M\000a\000i\000n\000\040\000A\000r\000c\000h\000i\000t\000e\000c\000t\000u\000r\000e\000\040\000D\000i\000a\000g\000r\000a\000m}{chapter.6}% 46
\BOOKMARK [0][-]{chapter.7}{\376\377\000A\000r\000c\000h\000i\000t\000e\000c\000t\000u\000r\000a\000l\000\040\000D\000e\000c\000i\000s\000i\000o\000n\000s}{}% 47
\BOOKMARK [1][-]{section.7.1}{\376\377\000A\000D\000R\000\040\0001\000\040\040\024\000\040\000A\000s\000y\000n\000c\000h\000r\000o\000n\000o\000u\000s\000\040\000F\000u\000l\000f\000i\000l\000l\000m\000e\000n\000t\000\040\000P\000r\000o\000p\000a\000g\000a\000t\000i\000o\000n}{chapter.7}% 48
\BOOKMARK [2][-]{subsection.7.1.1}{\376\377\000C\000o\000n\000t\000e\000x\000t}{section.7.1}% 49
\BOOKMARK [2][-]{subsection.7.1.2}{\376\377\000D\000e\000c\000i\000s\000i\000o\000n}{section.7.1}% 50
\BOOKMARK [2][-]{subsection.7.1.3}{\376\377\000A\000l\000t\000e\000r\000n\000a\000t\000i\000v\000e\000s\000\040\000C\000o\000n\000s\000i\000d\000e\000r\000e\000d}{section.7.1}% 51
\BOOKMARK [2][-]{subsection.7.1.4}{\376\377\000C\000o\000n\000s\000e\000q\000u\000e\000n\000c\000e\000s}{section.7.1}% 52
\BOOKMARK [1][-]{section.7.2}{\376\377\000A\000D\000R\000\040\0002\000\040\040\024\000\040\000T\000r\000a\000n\000s\000a\000c\000t\000i\000o\000n\000a\000l\000\040\000O\000u\000t\000b\000o\000x\000\040\000f\000o\000r\000\040\000D\000u\000r\000a\000b\000l\000e\000\040\000I\000n\000t\000e\000g\000r\000a\000t\000i\000o\000n\000\040\000T\000a\000s\000k\000\040\000P\000u\000b\000l\000i\000s\000h\000i\000n\000g}{chapter.7}% 53
\BOOKMARK [2][-]{subsection.7.2.1}{\376\377\000C\000o\000n\000t\000e\000x\000t}{section.7.2}% 54
\BOOKMARK [2][-]{subsection.7.2.2}{\376\377\000D\000e\000c\000i\000s\000i\000o\000n}{section.7.2}% 55
\BOOKMARK [2][-]{subsection.7.2.3}{\376\377\000A\000l\000t\000e\000r\000n\000a\000t\000i\000v\000e\000s\000\040\000C\000o\000n\000s\000i\000d\000e\000r\000e\000d}{section.7.2}% 56
\BOOKMARK [2][-]{subsection.7.2.4}{\376\377\000C\000o\000n\000s\000e\000q\000u\000e\000n\000c\000e\000s}{section.7.2}% 57
\BOOKMARK [1][-]{section.7.3}{\376\377\000A\000D\000R\000\040\0003\000\040\040\024\000\040\000A\000d\000a\000p\000t\000e\000r\000\040\000P\000a\000t\000t\000e\000r\000n\000\040\000w\000i\000t\000h\000\040\000N\000o\000\040\000S\000h\000a\000r\000e\000d\000\040\000D\000a\000t\000a\000b\000a\000s\000e\000\040\000A\000c\000r\000o\000s\000s\000\040\000E\000x\000t\000e\000r\000n\000a\000l\000\040\000B\000o\000u\000n\000d\000a\000r\000i\000e\000s}{chapter.7}% 58
\BOOKMARK [2][-]{subsection.7.3.1}{\376\377\000C\000o\000n\000t\000e\000x\000t}{section.7.3}% 59
\BOOKMARK [2][-]{subsection.7.3.2}{\376\377\000D\000e\000c\000i\000s\000i\000o\000n}{section.7.3}% 60
\BOOKMARK [2][-]{subsection.7.3.3}{\376\377\000A\000l\000t\000e\000r\000n\000a\000t\000i\000v\000e\000s\000\040\000C\000o\000n\000s\000i\000d\000e\000r\000e\000d}{section.7.3}% 61
\BOOKMARK [2][-]{subsection.7.3.4}{\376\377\000C\000o\000n\000s\000e\000q\000u\000e\000n\000c\000e\000s}{section.7.3}% 62
\BOOKMARK [1][-]{section.7.4}{\376\377\000A\000D\000R\000\040\0004\000\040\040\024\000\040\000n\000o\000p\000C\000o\000m\000m\000e\000r\000c\000e\000\040\000M\000o\000n\000o\000l\000i\000t\000h\000\040\000R\000e\000t\000a\000i\000n\000e\000d\000\040\000a\000s\000\040\000t\000h\000e\000\040\000C\000o\000m\000m\000e\000r\000c\000e\000\040\000C\000o\000r\000e}{chapter.7}% 63
\BOOKMARK [2][-]{subsection.7.4.1}{\376\377\000C\000o\000n\000t\000e\000x\000t}{section.7.4}% 64
\BOOKMARK [2][-]{subsection.7.4.2}{\376\377\000D\000e\000c\000i\000s\000i\000o\000n}{section.7.4}% 65
\BOOKMARK [2][-]{subsection.7.4.3}{\376\377\000A\000l\000t\000e\000r\000n\000a\000t\000i\000v\000e\000s\000\040\000C\000o\000n\000s\000i\000d\000e\000r\000e\000d}{section.7.4}% 66
\BOOKMARK [2][-]{subsection.7.4.4}{\376\377\000C\000o\000n\000s\000e\000q\000u\000e\000n\000c\000e\000s}{section.7.4}% 67
\BOOKMARK [1][-]{section.7.5}{\376\377\000A\000D\000R\000\040\0005\000\040\040\024\000\040\000I\000d\000e\000m\000p\000o\000t\000e\000n\000c\000y\000\040\000K\000e\000y\000\040\000S\000t\000r\000a\000t\000e\000g\000y\000\040\000f\000o\000r\000\040\000I\000n\000t\000e\000g\000r\000a\000t\000i\000o\000n\000\040\000M\000e\000s\000s\000a\000g\000e\000s}{chapter.7}% 68
\BOOKMARK [2][-]{subsection.7.5.1}{\376\377\000C\000o\000n\000t\000e\000x\000t}{section.7.5}% 69
\BOOKMARK [2][-]{subsection.7.5.2}{\376\377\000D\000e\000c\000i\000s\000i\000o\000n}{section.7.5}% 70
\BOOKMARK [2][-]{subsection.7.5.3}{\376\377\000A\000l\000t\000e\000r\000n\000a\000t\000i\000v\000e\000s\000\040\000C\000o\000n\000s\000i\000d\000e\000r\000e\000d}{section.7.5}% 71
\BOOKMARK [2][-]{subsection.7.5.4}{\376\377\000C\000o\000n\000s\000e\000q\000u\000e\000n\000c\000e\000s}{section.7.5}% 72
\BOOKMARK [1][-]{section.7.6}{\376\377\000A\000D\000R\000\040\0006\000\040\040\024\000\040\000R\000e\000t\000r\000y\000\040\000P\000o\000l\000i\000c\000y\000\040\000a\000n\000d\000\040\000C\000i\000r\000c\000u\000i\000t\000\040\000B\000r\000e\000a\000k\000e\000r\000\040\000f\000o\000r\000\040\000A\000d\000a\000p\000t\000e\000r\000\040\000C\000a\000l\000l\000s}{chapter.7}% 73
\BOOKMARK [2][-]{subsection.7.6.1}{\376\377\000C\000o\000n\000t\000e\000x\000t}{section.7.6}% 74
\BOOKMARK [2][-]{subsection.7.6.2}{\376\377\000D\000e\000c\000i\000s\000i\000o\000n}{section.7.6}% 75
\BOOKMARK [2][-]{subsection.7.6.3}{\376\377\000A\000l\000t\000e\000r\000n\000a\000t\000i\000v\000e\000s\000\040\000C\000o\000n\000s\000i\000d\000e\000r\000e\000d}{section.7.6}% 76
\BOOKMARK [2][-]{subsection.7.6.4}{\376\377\000C\000o\000n\000s\000e\000q\000u\000e\000n\000c\000e\000s}{section.7.6}% 77
\BOOKMARK [1][-]{section.7.7}{\376\377\000A\000D\000R\000\040\0007\000\040\040\024\000\040\000D\000e\000a\000d\000-\000L\000e\000t\000t\000e\000r\000\040\000Q\000u\000e\000u\000e\000\040\000a\000n\000d\000\040\000O\000p\000e\000r\000a\000t\000o\000r\000\040\000I\000n\000t\000e\000r\000v\000e\000n\000t\000i\000o\000n\000\040\000M\000o\000d\000e\000l}{chapter.7}% 78
\BOOKMARK [2][-]{subsection.7.7.1}{\376\377\000C\000o\000n\000t\000e\000x\000t}{section.7.7}% 79
\BOOKMARK [2][-]{subsection.7.7.2}{\376\377\000D\000e\000c\000i\000s\000i\000o\000n}{section.7.7}% 80
\BOOKMARK [2][-]{subsection.7.7.3}{\376\377\000A\000l\000t\000e\000r\000n\000a\000t\000i\000v\000e\000s\000\040\000C\000o\000n\000s\000i\000d\000e\000r\000e\000d}{section.7.7}% 81
\BOOKMARK [2][-]{subsection.7.7.4}{\376\377\000C\000o\000n\000s\000e\000q\000u\000e\000n\000c\000e\000s}{section.7.7}% 82
\BOOKMARK [0][-]{chapter.8}{\376\377\000R\000i\000s\000k\000\040\000a\000n\000d\000\040\000V\000a\000l\000i\000d\000a\000t\000i\000o\000n\000\040\000P\000l\000a\000n}{}% 83
\BOOKMARK [1][-]{section.8.1}{\376\377\000P\000u\000r\000p\000o\000s\000e}{chapter.8}% 84
\BOOKMARK [1][-]{section.8.2}{\376\377\000M\000a\000i\000n\000\040\000A\000r\000c\000h\000i\000t\000e\000c\000t\000u\000r\000a\000l\000\040\000R\000i\000s\000k\000s}{chapter.8}% 85
\BOOKMARK [1][-]{section.8.3}{\376\377\000V\000a\000l\000i\000d\000a\000t\000i\000o\000n\000\040\000A\000c\000t\000i\000v\000i\000t\000i\000e\000s}{chapter.8}% 86
\BOOKMARK [0][-]{chapter.9}{\376\377\000E\000v\000o\000l\000u\000t\000i\000o\000n\000\040\000R\000o\000a\000d\000m\000a\000p}{}% 87
\BOOKMARK [1][-]{section.9.1}{\376\377\000I\000m\000p\000l\000e\000m\000e\000n\000t\000a\000t\000i\000o\000n\000\040\000O\000r\000d\000e\000r}{chapter.9}% 88
\BOOKMARK [2][-]{subsection.9.1.1}{\376\377\000P\000h\000a\000s\000e\000\040\0001\000\040\040\024\000\040\000O\000u\000t\000b\000o\000x\000\040\000a\000n\000d\000\040\000A\000s\000y\000n\000c\000h\000r\000o\000n\000o\000u\000s\000\040\000P\000r\000o\000p\000a\000g\000a\000t\000i\000o\000n}{section.9.1}% 89
\BOOKMARK [2][-]{subsection.9.1.2}{\376\377\000P\000h\000a\000s\000e\000\040\0002\000\040\040\024\000\040\000W\000a\000r\000e\000h\000o\000u\000s\000e\000\040\000A\000d\000a\000p\000t\000e\000r\000\040\000a\000n\000d\000\040\000D\000e\000g\000r\000a\000d\000e\000d\000-\000S\000t\000a\000t\000e\000\040\000H\000a\000n\000d\000l\000i\000n\000g}{section.9.1}% 90
\BOOKMARK [2][-]{subsection.9.1.3}{\376\377\000P\000h\000a\000s\000e\000\040\0003\000\040\040\024\000\040\000I\000n\000v\000e\000n\000t\000o\000r\000y\000\040\000P\000r\000o\000j\000e\000c\000t\000i\000o\000n\000\040\000a\000n\000d\000\040\000S\000t\000a\000l\000e\000-\000S\000t\000a\000t\000e\000\040\000V\000i\000s\000i\000b\000i\000l\000i\000t\000y}{section.9.1}% 91
\BOOKMARK [2][-]{subsection.9.1.4}{\376\377\000P\000h\000a\000s\000e\000\040\0004\000\040\040\024\000\040\000O\000p\000e\000r\000a\000t\000i\000o\000n\000a\000l\000\040\000V\000i\000s\000i\000b\000i\000l\000i\000t\000y}{section.9.1}% 92
\BOOKMARK [0][-]{chapter.10}{\376\377\000F\000e\000a\000s\000i\000b\000i\000l\000i\000t\000y\000\040\000S\000p\000i\000k\000e}{}% 93
\BOOKMARK [1][-]{section.10.1}{\376\377\000W\000h\000a\000t\000\040\000W\000a\000s\000\040\000T\000e\000s\000t\000e\000d}{chapter.10}% 94
\BOOKMARK [1][-]{section.10.2}{\376\377\000W\000h\000a\000t\000\040\000W\000o\000r\000k\000e\000d}{chapter.10}% 95
\BOOKMARK [1][-]{section.10.3}{\376\377\000E\000v\000i\000d\000e\000n\000c\000e}{chapter.10}% 96
